MiniGLPPC host: step=backend_open
MiniGLPPC host: step=timer
MiniGLPPC host: ready, MiniGL 12.0
MiniGLPPC host: step=port_added
MiniGLPPC host: priority=-1 previous=0
MiniGLPPC host: step=service_enter
[mgl] ctx fullscreen=1 depth=16 mode=0
[mgl] fs=begin
[mgl] fs=ok buffers=3
MiniGLPPC host: create windowed=0 w=640 h=480 depth=16
CP_RUN dispatches=15138 dwords=9323744 failed=0
CP_PROF entries=15138 drain_ms=239 dispatch_ms=5201 total_ms=6534
[minigl.library] LibClose count=0
HOST_NATIVE cache_capacity=8 records=1 overflow_contexts=0 overflow_policy=drop_new output=after_cleanup
HOST_NATIVE context=1 scope=whole_context_including_setup end=before_teardown counter_bits=32 coverage=native_backend_only excludes=host_direct_service_calls overlaps_host_stages=1 enable_error=0 pending_gl_error=0
HOST_NATIVE context=1 clock_hz=709379 query_error=0
HOST_NATIVE context=1 frames=978 query_error=0
HOST_NATIVE context=1 serialize_ticks=0 query_error=0
HOST_NATIVE context=1 execute_ticks=0 query_error=0
HOST_NATIVE context=1 wait_ticks=0 query_error=0
HOST_NATIVE context=1 present_ticks=844238 query_error=0
HOST_NATIVE context=1 residency_ticks=2507082 query_error=0
HOST_NATIVE context=1 upload_ticks=398164 query_error=0
HOST_NATIVE context=1 upload_bytes=2854524 query_error=0
HOST_NATIVE context=1 upload_copies=781 query_error=0
HOST_NATIVE context=1 upload_updates=1083 query_error=0
HOST_NATIVE context=1 upload_coalesced=0 query_error=0
HOST_NATIVE context=1 upload_barriers=35 query_error=0
HOST_NATIVE context=1 upload_deferred=816 query_error=0
HOST_NATIVE context=1 texture_evictions=0 query_error=0
HOST_NATIVE context=1 submits=0 query_error=0
HOST_NATIVE context=1 async_submits=0 query_error=0
HOST_NATIVE context=1 fence_waits=0 query_error=0
HOST_NATIVE context=1 fence_poll_hits=0 query_error=0
HOST_NATIVE context=1 texture_waits=0 query_error=0
HOST_NATIVE context=1 buffer_waits=0 query_error=0
HOST_NATIVE context=1 drain_waits=0 query_error=0
HOST_NATIVE context=1 execute_failures=0 query_error=0
HOST_NATIVE context=1 wait_failures=0 query_error=0
HOST_NATIVE context=1 query_errors=0
HOST_LM capacity=128 records=35 dropped=0 calls=35
HOST_LM eclock_hz=709379 last_context_hint_error=0
HOST_LM ticks=raw_eclock_low32 output=after_cleanup overflow=drop_new scope=shared_requests phases=exclusive durations=uint32(end-start) handler_in_total=1 drain_in_handler=1 native_counters_in_native_texsub=1 native_counters_mutually_exclusive=0 native_deltas=uint32(after-before) perf_queries_outside_native_texsub=1 query_errors_checked=0
HOST_LM_ID seq=1 context=1 name=1035 request_serial=1916
HOST_LM_RECT seq=1 level=0 x=0 y=16
HOST_LM_SIZE seq=1 w=128 h=13 wire_format_type=13107437
HOST_LM_RESULT seq=1 status=0 error=0 native_samples=3
HOST_LM_HINT seq=1 error=0
HOST_LM_ENTRY seq=1 mailbox=1 handler_entered=1 fences_at_drain=0
HOST_LM_TOTAL seq=1 start=624863691 end=624878148 ticks=14457
HOST_LM_HANDLER seq=1 start=624863741 end=624878070 ticks=14329
HOST_LM_PHASE seq=1 stage=envelope start=624863691 end=624863741
HOST_LM_PHASE seq=1 stage=handler_validation start=624863741 end=624863772
HOST_LM_PHASE seq=1 stage=source_validation start=624863772 end=624863807
HOST_LM_PHASE seq=1 stage=fence_drain start=624863807 end=624863823
HOST_LM_PHASE seq=1 stage=preflight_prep start=624863823 end=624863843
HOST_LM_PHASE seq=1 stage=preflight start=624863843 end=624863894
HOST_LM_PHASE seq=1 stage=bind_cache_unpack start=624863894 end=624863975
HOST_LM_PHASE seq=1 stage=perf_query_before start=624863975 end=624864017
HOST_LM_PHASE seq=1 stage=native_texsub start=624864017 end=624877894
HOST_LM_PHASE seq=1 stage=perf_query_after start=624877894 end=624877942
HOST_LM_PHASE seq=1 stage=restore start=624877942 end=624877988
HOST_LM_PHASE seq=1 stage=bridge_query start=624877988 end=624878051
HOST_LM_PHASE seq=1 stage=result start=624878051 end=624878070
HOST_LM_PHASE seq=1 stage=reply start=624878070 end=624878148
HOST_LM_NATIVE seq=1 key=clock_hz before=709379 after=709379
HOST_LM_NATIVE seq=1 key=residency_ticks before=2069030 after=2081099
HOST_LM_DELTA seq=1 key=residency_ticks delta=12069
HOST_LM_NATIVE seq=1 key=upload_ticks before=398164 after=398164
HOST_LM_DELTA seq=1 key=upload_ticks delta=0
HOST_LM_NATIVE seq=1 key=upload_bytes before=2854524 after=2854524
HOST_LM_DELTA seq=1 key=upload_bytes delta=0
HOST_LM_NATIVE seq=1 key=evictions before=0 after=0
HOST_LM_DELTA seq=1 key=evictions delta=0
HOST_LM_ID seq=2 context=1 name=1032 request_serial=1918
HOST_LM_RECT seq=2 level=0 x=0 y=19
HOST_LM_SIZE seq=2 w=128 h=11 wire_format_type=13107437
HOST_LM_RESULT seq=2 status=0 error=0 native_samples=3
HOST_LM_HINT seq=2 error=0
HOST_LM_ENTRY seq=2 mailbox=1 handler_entered=1 fences_at_drain=0
HOST_LM_TOTAL seq=2 start=624900600 end=624915017 ticks=14417
HOST_LM_HANDLER seq=2 start=624900667 end=624914940 ticks=14273
HOST_LM_PHASE seq=2 stage=envelope start=624900600 end=624900667
HOST_LM_PHASE seq=2 stage=handler_validation start=624900667 end=624900700
HOST_LM_PHASE seq=2 stage=source_validation start=624900700 end=624900736
HOST_LM_PHASE seq=2 stage=fence_drain start=624900736 end=624900756
HOST_LM_PHASE seq=2 stage=preflight_prep start=624900756 end=624900778
HOST_LM_PHASE seq=2 stage=preflight start=624900778 end=624900834
HOST_LM_PHASE seq=2 stage=bind_cache_unpack start=624900834 end=624900919
HOST_LM_PHASE seq=2 stage=perf_query_before start=624900919 end=624900959
HOST_LM_PHASE seq=2 stage=native_texsub start=624900959 end=624914768
HOST_LM_PHASE seq=2 stage=perf_query_after start=624914768 end=624914814
HOST_LM_PHASE seq=2 stage=restore start=624914814 end=624914859
HOST_LM_PHASE seq=2 stage=bridge_query start=624914859 end=624914922
HOST_LM_PHASE seq=2 stage=result start=624914922 end=624914940
HOST_LM_PHASE seq=2 stage=reply start=624914940 end=624915017
HOST_LM_NATIVE seq=2 key=clock_hz before=709379 after=709379
HOST_LM_NATIVE seq=2 key=residency_ticks before=2081099 after=2093265
HOST_LM_DELTA seq=2 key=residency_ticks delta=12166
HOST_LM_NATIVE seq=2 key=upload_ticks before=398164 after=398164
HOST_LM_DELTA seq=2 key=upload_ticks delta=0
HOST_LM_NATIVE seq=2 key=upload_bytes before=2854524 after=2854524
HOST_LM_DELTA seq=2 key=upload_bytes delta=0
HOST_LM_NATIVE seq=2 key=evictions before=0 after=0
HOST_LM_DELTA seq=2 key=evictions delta=0
HOST_LM_ID seq=3 context=1 name=1035 request_serial=1933
HOST_LM_RECT seq=3 level=0 x=0 y=29
HOST_LM_SIZE seq=3 w=128 h=9 wire_format_type=13107437
HOST_LM_RESULT seq=3 status=0 error=0 native_samples=3
HOST_LM_HINT seq=3 error=0
HOST_LM_ENTRY seq=3 mailbox=1 handler_entered=1 fences_at_drain=0
HOST_LM_TOTAL seq=3 start=625223378 end=625241424 ticks=18046
HOST_LM_HANDLER seq=3 start=625223432 end=625241341 ticks=17909
HOST_LM_PHASE seq=3 stage=envelope start=625223378 end=625223432
HOST_LM_PHASE seq=3 stage=handler_validation start=625223432 end=625223463
HOST_LM_PHASE seq=3 stage=source_validation start=625223463 end=625223498
HOST_LM_PHASE seq=3 stage=fence_drain start=625223498 end=625223515
HOST_LM_PHASE seq=3 stage=preflight_prep start=625223515 end=625223534
HOST_LM_PHASE seq=3 stage=preflight start=625223534 end=625223587
HOST_LM_PHASE seq=3 stage=bind_cache_unpack start=625223587 end=625223670
HOST_LM_PHASE seq=3 stage=perf_query_before start=625223670 end=625223711
HOST_LM_PHASE seq=3 stage=native_texsub start=625223711 end=625240839
HOST_LM_PHASE seq=3 stage=perf_query_after start=625240839 end=625241204
HOST_LM_PHASE seq=3 stage=restore start=625241204 end=625241255
HOST_LM_PHASE seq=3 stage=bridge_query start=625241255 end=625241322
HOST_LM_PHASE seq=3 stage=result start=625241322 end=625241341
HOST_LM_PHASE seq=3 stage=reply start=625241341 end=625241424
HOST_LM_NATIVE seq=3 key=clock_hz before=709379 after=709379
HOST_LM_NATIVE seq=3 key=residency_ticks before=2093265 after=2108168
HOST_LM_DELTA seq=3 key=residency_ticks delta=14903
HOST_LM_NATIVE seq=3 key=upload_ticks before=398164 after=398164
HOST_LM_DELTA seq=3 key=upload_ticks delta=0
HOST_LM_NATIVE seq=3 key=upload_bytes before=2854524 after=2854524
HOST_LM_DELTA seq=3 key=upload_bytes delta=0
HOST_LM_NATIVE seq=3 key=evictions before=0 after=0
HOST_LM_DELTA seq=3 key=evictions delta=0
HOST_LM_ID seq=4 context=1 name=1029 request_serial=1935
HOST_LM_RECT seq=4 level=0 x=0 y=118
HOST_LM_SIZE seq=4 w=128 h=7 wire_format_type=13107437
HOST_LM_RESULT seq=4 status=0 error=0 native_samples=3
HOST_LM_HINT seq=4 error=0
HOST_LM_ENTRY seq=4 mailbox=1 handler_entered=1 fences_at_drain=0
HOST_LM_TOTAL seq=4 start=625285581 end=625299092 ticks=13511
HOST_LM_HANDLER seq=4 start=625285634 end=625299012 ticks=13378
HOST_LM_PHASE seq=4 stage=envelope start=625285581 end=625285634
HOST_LM_PHASE seq=4 stage=handler_validation start=625285634 end=625285665
HOST_LM_PHASE seq=4 stage=source_validation start=625285665 end=625285697
HOST_LM_PHASE seq=4 stage=fence_drain start=625285697 end=625285716
HOST_LM_PHASE seq=4 stage=preflight_prep start=625285716 end=625285735
HOST_LM_PHASE seq=4 stage=preflight start=625285735 end=625285789
HOST_LM_PHASE seq=4 stage=bind_cache_unpack start=625285789 end=625285867
HOST_LM_PHASE seq=4 stage=perf_query_before start=625285867 end=625285906
HOST_LM_PHASE seq=4 stage=native_texsub start=625285906 end=625298842
HOST_LM_PHASE seq=4 stage=perf_query_after start=625298842 end=625298890
HOST_LM_PHASE seq=4 stage=restore start=625298890 end=625298933
HOST_LM_PHASE seq=4 stage=bridge_query start=625298933 end=625298993
HOST_LM_PHASE seq=4 stage=result start=625298993 end=625299012
HOST_LM_PHASE seq=4 stage=reply start=625299012 end=625299092
HOST_LM_NATIVE seq=4 key=clock_hz before=709379 after=709379
HOST_LM_NATIVE seq=4 key=residency_ticks before=2108168 after=2119787
HOST_LM_DELTA seq=4 key=residency_ticks delta=11619
HOST_LM_NATIVE seq=4 key=upload_ticks before=398164 after=398164
HOST_LM_DELTA seq=4 key=upload_ticks delta=0
HOST_LM_NATIVE seq=4 key=upload_bytes before=2854524 after=2854524
HOST_LM_DELTA seq=4 key=upload_bytes delta=0
HOST_LM_NATIVE seq=4 key=evictions before=0 after=0
HOST_LM_DELTA seq=4 key=evictions delta=0
HOST_LM_ID seq=5 context=1 name=1030 request_serial=1937
HOST_LM_RECT seq=5 level=0 x=0 y=0
HOST_LM_SIZE seq=5 w=128 h=16 wire_format_type=13107437
HOST_LM_RESULT seq=5 status=0 error=0 native_samples=3
HOST_LM_HINT seq=5 error=0
HOST_LM_ENTRY seq=5 mailbox=1 handler_entered=1 fences_at_drain=0
HOST_LM_TOTAL seq=5 start=625300867 end=625315375 ticks=14508
HOST_LM_HANDLER seq=5 start=625300918 end=625315295 ticks=14377
HOST_LM_PHASE seq=5 stage=envelope start=625300867 end=625300918
HOST_LM_PHASE seq=5 stage=handler_validation start=625300918 end=625300946
HOST_LM_PHASE seq=5 stage=source_validation start=625300946 end=625300980
HOST_LM_PHASE seq=5 stage=fence_drain start=625300980 end=625300997
HOST_LM_PHASE seq=5 stage=preflight_prep start=625300997 end=625301015
HOST_LM_PHASE seq=5 stage=preflight start=625301015 end=625301067
HOST_LM_PHASE seq=5 stage=bind_cache_unpack start=625301067 end=625301142
HOST_LM_PHASE seq=5 stage=perf_query_before start=625301142 end=625301182
HOST_LM_PHASE seq=5 stage=native_texsub start=625301182 end=625315113
HOST_LM_PHASE seq=5 stage=perf_query_after start=625315113 end=625315163
HOST_LM_PHASE seq=5 stage=restore start=625315163 end=625315210
HOST_LM_PHASE seq=5 stage=bridge_query start=625315210 end=625315278
HOST_LM_PHASE seq=5 stage=result start=625315278 end=625315295
HOST_LM_PHASE seq=5 stage=reply start=625315295 end=625315375
HOST_LM_NATIVE seq=5 key=clock_hz before=709379 after=709379
HOST_LM_NATIVE seq=5 key=residency_ticks before=2119787 after=2131192
HOST_LM_DELTA seq=5 key=residency_ticks delta=11405
HOST_LM_NATIVE seq=5 key=upload_ticks before=398164 after=398164
HOST_LM_DELTA seq=5 key=upload_ticks delta=0
HOST_LM_NATIVE seq=5 key=upload_bytes before=2854524 after=2854524
HOST_LM_DELTA seq=5 key=upload_bytes delta=0
HOST_LM_NATIVE seq=5 key=evictions before=0 after=0
HOST_LM_DELTA seq=5 key=evictions delta=0
HOST_LM_ID seq=6 context=1 name=1032 request_serial=1939
HOST_LM_RECT seq=6 level=0 x=0 y=19
HOST_LM_SIZE seq=6 w=128 h=70 wire_format_type=13107437
HOST_LM_RESULT seq=6 status=0 error=0 native_samples=3
HOST_LM_HINT seq=6 error=0
HOST_LM_ENTRY seq=6 mailbox=1 handler_entered=1 fences_at_drain=0
HOST_LM_TOTAL seq=6 start=625318966 end=625351206 ticks=32240
HOST_LM_HANDLER seq=6 start=625319016 end=625351124 ticks=32108
HOST_LM_PHASE seq=6 stage=envelope start=625318966 end=625319016
HOST_LM_PHASE seq=6 stage=handler_validation start=625319016 end=625319046
HOST_LM_PHASE seq=6 stage=source_validation start=625319046 end=625319078
HOST_LM_PHASE seq=6 stage=fence_drain start=625319078 end=625319096
HOST_LM_PHASE seq=6 stage=preflight_prep start=625319096 end=625319114
HOST_LM_PHASE seq=6 stage=preflight start=625319114 end=625319163
HOST_LM_PHASE seq=6 stage=bind_cache_unpack start=625319163 end=625319243
HOST_LM_PHASE seq=6 stage=perf_query_before start=625319243 end=625319283
HOST_LM_PHASE seq=6 stage=native_texsub start=625319283 end=625350954
HOST_LM_PHASE seq=6 stage=perf_query_after start=625350954 end=625351003
HOST_LM_PHASE seq=6 stage=restore start=625351003 end=625351047
HOST_LM_PHASE seq=6 stage=bridge_query start=625351047 end=625351107
HOST_LM_PHASE seq=6 stage=result start=625351107 end=625351124
HOST_LM_PHASE seq=6 stage=reply start=625351124 end=625351206
HOST_LM_NATIVE seq=6 key=clock_hz before=709379 after=709379
HOST_LM_NATIVE seq=6 key=residency_ticks before=2131192 after=2143647
HOST_LM_DELTA seq=6 key=residency_ticks delta=12455
HOST_LM_NATIVE seq=6 key=upload_ticks before=398164 after=398164
HOST_LM_DELTA seq=6 key=upload_ticks delta=0
HOST_LM_NATIVE seq=6 key=upload_bytes before=2854524 after=2854524
HOST_LM_DELTA seq=6 key=upload_bytes delta=0
HOST_LM_NATIVE seq=6 key=evictions before=0 after=0
HOST_LM_DELTA seq=6 key=evictions delta=0
HOST_LM_ID seq=7 context=1 name=1027 request_serial=1942
HOST_LM_RECT seq=7 level=0 x=0 y=53
HOST_LM_SIZE seq=7 w=128 h=22 wire_format_type=13107437
HOST_LM_RESULT seq=7 status=0 error=0 native_samples=3
HOST_LM_HINT seq=7 error=0
HOST_LM_ENTRY seq=7 mailbox=1 handler_entered=1 fences_at_drain=0
HOST_LM_TOTAL seq=7 start=625421759 end=625436458 ticks=14699
HOST_LM_HANDLER seq=7 start=625421811 end=625436375 ticks=14564
HOST_LM_PHASE seq=7 stage=envelope start=625421759 end=625421811
HOST_LM_PHASE seq=7 stage=handler_validation start=625421811 end=625421838
HOST_LM_PHASE seq=7 stage=source_validation start=625421838 end=625421872
HOST_LM_PHASE seq=7 stage=fence_drain start=625421872 end=625421891
HOST_LM_PHASE seq=7 stage=preflight_prep start=625421891 end=625421909
HOST_LM_PHASE seq=7 stage=preflight start=625421909 end=625421960
HOST_LM_PHASE seq=7 stage=bind_cache_unpack start=625421960 end=625422209
HOST_LM_PHASE seq=7 stage=perf_query_before start=625422209 end=625422250
HOST_LM_PHASE seq=7 stage=native_texsub start=625422250 end=625436205
HOST_LM_PHASE seq=7 stage=perf_query_after start=625436205 end=625436250
HOST_LM_PHASE seq=7 stage=restore start=625436250 end=625436293
HOST_LM_PHASE seq=7 stage=bridge_query start=625436293 end=625436358
HOST_LM_PHASE seq=7 stage=result start=625436358 end=625436375
HOST_LM_PHASE seq=7 stage=reply start=625436375 end=625436458
HOST_LM_NATIVE seq=7 key=clock_hz before=709379 after=709379
HOST_LM_NATIVE seq=7 key=residency_ticks before=2143647 after=2155084
HOST_LM_DELTA seq=7 key=residency_ticks delta=11437
HOST_LM_NATIVE seq=7 key=upload_ticks before=398164 after=398164
HOST_LM_DELTA seq=7 key=upload_ticks delta=0
HOST_LM_NATIVE seq=7 key=upload_bytes before=2854524 after=2854524
HOST_LM_DELTA seq=7 key=upload_bytes delta=0
HOST_LM_NATIVE seq=7 key=evictions before=0 after=0
HOST_LM_DELTA seq=7 key=evictions delta=0
HOST_LM_ID seq=8 context=1 name=1032 request_serial=1944
HOST_LM_RECT seq=8 level=0 x=0 y=100
HOST_LM_SIZE seq=8 w=128 h=24 wire_format_type=13107437
HOST_LM_RESULT seq=8 status=0 error=0 native_samples=3
HOST_LM_HINT seq=8 error=0
HOST_LM_ENTRY seq=8 mailbox=1 handler_entered=1 fences_at_drain=0
HOST_LM_TOTAL seq=8 start=625440481 end=625455183 ticks=14702
HOST_LM_HANDLER seq=8 start=625440532 end=625455100 ticks=14568
HOST_LM_PHASE seq=8 stage=envelope start=625440481 end=625440532
HOST_LM_PHASE seq=8 stage=handler_validation start=625440532 end=625440560
HOST_LM_PHASE seq=8 stage=source_validation start=625440560 end=625440593
HOST_LM_PHASE seq=8 stage=fence_drain start=625440593 end=625440612
HOST_LM_PHASE seq=8 stage=preflight_prep start=625440612 end=625440632
HOST_LM_PHASE seq=8 stage=preflight start=625440632 end=625440684
HOST_LM_PHASE seq=8 stage=bind_cache_unpack start=625440684 end=625440764
HOST_LM_PHASE seq=8 stage=perf_query_before start=625440764 end=625440804
HOST_LM_PHASE seq=8 stage=native_texsub start=625440804 end=625454937
HOST_LM_PHASE seq=8 stage=perf_query_after start=625454937 end=625454982
HOST_LM_PHASE seq=8 stage=restore start=625454982 end=625455024
HOST_LM_PHASE seq=8 stage=bridge_query start=625455024 end=625455084
HOST_LM_PHASE seq=8 stage=result start=625455084 end=625455100
HOST_LM_PHASE seq=8 stage=reply start=625455100 end=625455183
HOST_LM_NATIVE seq=8 key=clock_hz before=709379 after=709379
HOST_LM_NATIVE seq=8 key=residency_ticks before=2155084 after=2166518
HOST_LM_DELTA seq=8 key=residency_ticks delta=11434
HOST_LM_NATIVE seq=8 key=upload_ticks before=398164 after=398164
HOST_LM_DELTA seq=8 key=upload_ticks delta=0
HOST_LM_NATIVE seq=8 key=upload_bytes before=2854524 after=2854524
HOST_LM_DELTA seq=8 key=upload_bytes delta=0
HOST_LM_NATIVE seq=8 key=evictions before=0 after=0
HOST_LM_DELTA seq=8 key=evictions delta=0
HOST_LM_ID seq=9 context=1 name=1032 request_serial=1946
HOST_LM_RECT seq=9 level=0 x=0 y=106
HOST_LM_SIZE seq=9 w=128 h=15 wire_format_type=13107437
HOST_LM_RESULT seq=9 status=0 error=0 native_samples=3
HOST_LM_HINT seq=9 error=0
HOST_LM_ENTRY seq=9 mailbox=1 handler_entered=1 fences_at_drain=0
HOST_LM_TOTAL seq=9 start=625549005 end=625563674 ticks=14669
HOST_LM_HANDLER seq=9 start=625549058 end=625563593 ticks=14535
HOST_LM_PHASE seq=9 stage=envelope start=625549005 end=625549058
HOST_LM_PHASE seq=9 stage=handler_validation start=625549058 end=625549087
HOST_LM_PHASE seq=9 stage=source_validation start=625549087 end=625549122
HOST_LM_PHASE seq=9 stage=fence_drain start=625549122 end=625549143
HOST_LM_PHASE seq=9 stage=preflight_prep start=625549143 end=625549163
HOST_LM_PHASE seq=9 stage=preflight start=625549163 end=625549215
HOST_LM_PHASE seq=9 stage=bind_cache_unpack start=625549215 end=625549295
HOST_LM_PHASE seq=9 stage=perf_query_before start=625549295 end=625549333
HOST_LM_PHASE seq=9 stage=native_texsub start=625549333 end=625563422
HOST_LM_PHASE seq=9 stage=perf_query_after start=625563422 end=625563468
HOST_LM_PHASE seq=9 stage=restore start=625563468 end=625563514
HOST_LM_PHASE seq=9 stage=bridge_query start=625563514 end=625563576
HOST_LM_PHASE seq=9 stage=result start=625563576 end=625563593
HOST_LM_PHASE seq=9 stage=reply start=625563593 end=625563674
HOST_LM_NATIVE seq=9 key=clock_hz before=709379 after=709379
HOST_LM_NATIVE seq=9 key=residency_ticks before=2166518 after=2178622
HOST_LM_DELTA seq=9 key=residency_ticks delta=12104
HOST_LM_NATIVE seq=9 key=upload_ticks before=398164 after=398164
HOST_LM_DELTA seq=9 key=upload_ticks delta=0
HOST_LM_NATIVE seq=9 key=upload_bytes before=2854524 after=2854524
HOST_LM_DELTA seq=9 key=upload_bytes delta=0
HOST_LM_NATIVE seq=9 key=evictions before=0 after=0
HOST_LM_DELTA seq=9 key=evictions delta=0
HOST_LM_ID seq=10 context=1 name=1035 request_serial=1960
HOST_LM_RECT seq=10 level=0 x=0 y=112
HOST_LM_SIZE seq=10 w=128 h=15 wire_format_type=13107437
HOST_LM_RESULT seq=10 status=0 error=0 native_samples=3
HOST_LM_HINT seq=10 error=0
HOST_LM_ENTRY seq=10 mailbox=1 handler_entered=1 fences_at_drain=0
HOST_LM_TOTAL seq=10 start=626236253 end=626250341 ticks=14088
HOST_LM_HANDLER seq=10 start=626236305 end=626250259 ticks=13954
HOST_LM_PHASE seq=10 stage=envelope start=626236253 end=626236305
HOST_LM_PHASE seq=10 stage=handler_validation start=626236305 end=626236335
HOST_LM_PHASE seq=10 stage=source_validation start=626236335 end=626236371
HOST_LM_PHASE seq=10 stage=fence_drain start=626236371 end=626236390
HOST_LM_PHASE seq=10 stage=preflight_prep start=626236390 end=626236408
HOST_LM_PHASE seq=10 stage=preflight start=626236408 end=626236466
HOST_LM_PHASE seq=10 stage=bind_cache_unpack start=626236466 end=626236548
HOST_LM_PHASE seq=10 stage=perf_query_before start=626236548 end=626236589
HOST_LM_PHASE seq=10 stage=native_texsub start=626236589 end=626250091
HOST_LM_PHASE seq=10 stage=perf_query_after start=626250091 end=626250138
HOST_LM_PHASE seq=10 stage=restore start=626250138 end=626250183
HOST_LM_PHASE seq=10 stage=bridge_query start=626250183 end=626250241
HOST_LM_PHASE seq=10 stage=result start=626250241 end=626250259
HOST_LM_PHASE seq=10 stage=reply start=626250259 end=626250341
HOST_LM_NATIVE seq=10 key=clock_hz before=709379 after=709379
HOST_LM_NATIVE seq=10 key=residency_ticks before=2178622 after=2190163
HOST_LM_DELTA seq=10 key=residency_ticks delta=11541
HOST_LM_NATIVE seq=10 key=upload_ticks before=398164 after=398164
HOST_LM_DELTA seq=10 key=upload_ticks delta=0
HOST_LM_NATIVE seq=10 key=upload_bytes before=2854524 after=2854524
HOST_LM_DELTA seq=10 key=upload_bytes delta=0
HOST_LM_NATIVE seq=10 key=evictions before=0 after=0
HOST_LM_DELTA seq=10 key=evictions delta=0
HOST_LM_ID seq=11 context=1 name=1036 request_serial=1962
HOST_LM_RECT seq=11 level=0 x=0 y=0
HOST_LM_SIZE seq=11 w=128 h=15 wire_format_type=13107437
HOST_LM_RESULT seq=11 status=0 error=0 native_samples=3
HOST_LM_HINT seq=11 error=0
HOST_LM_ENTRY seq=11 mailbox=1 handler_entered=1 fences_at_drain=0
HOST_LM_TOTAL seq=11 start=626252091 end=626266160 ticks=14069
HOST_LM_HANDLER seq=11 start=626252143 end=626266079 ticks=13936
HOST_LM_PHASE seq=11 stage=envelope start=626252091 end=626252143
HOST_LM_PHASE seq=11 stage=handler_validation start=626252143 end=626252171
HOST_LM_PHASE seq=11 stage=source_validation start=626252171 end=626252206
HOST_LM_PHASE seq=11 stage=fence_drain start=626252206 end=626252224
HOST_LM_PHASE seq=11 stage=preflight_prep start=626252224 end=626252243
HOST_LM_PHASE seq=11 stage=preflight start=626252243 end=626252295
HOST_LM_PHASE seq=11 stage=bind_cache_unpack start=626252295 end=626252375
HOST_LM_PHASE seq=11 stage=perf_query_before start=626252375 end=626252414
HOST_LM_PHASE seq=11 stage=native_texsub start=626252414 end=626265895
HOST_LM_PHASE seq=11 stage=perf_query_after start=626265895 end=626265943
HOST_LM_PHASE seq=11 stage=restore start=626265943 end=626265988
HOST_LM_PHASE seq=11 stage=bridge_query start=626265988 end=626266062
HOST_LM_PHASE seq=11 stage=result start=626266062 end=626266079
HOST_LM_PHASE seq=11 stage=reply start=626266079 end=626266160
HOST_LM_NATIVE seq=11 key=clock_hz before=709379 after=709379
HOST_LM_NATIVE seq=11 key=residency_ticks before=2190163 after=2201681
HOST_LM_DELTA seq=11 key=residency_ticks delta=11518
HOST_LM_NATIVE seq=11 key=upload_ticks before=398164 after=398164
HOST_LM_DELTA seq=11 key=upload_ticks delta=0
HOST_LM_NATIVE seq=11 key=upload_bytes before=2854524 after=2854524
HOST_LM_DELTA seq=11 key=upload_bytes delta=0
HOST_LM_NATIVE seq=11 key=evictions before=0 after=0
HOST_LM_DELTA seq=11 key=evictions delta=0
HOST_LM_ID seq=12 context=1 name=1032 request_serial=1965
HOST_LM_RECT seq=12 level=0 x=0 y=19
HOST_LM_SIZE seq=12 w=128 h=72 wire_format_type=13107437
HOST_LM_RESULT seq=12 status=0 error=0 native_samples=3
HOST_LM_HINT seq=12 error=0
HOST_LM_ENTRY seq=12 mailbox=1 handler_entered=1 fences_at_drain=0
HOST_LM_TOTAL seq=12 start=626288857 end=626308077 ticks=19220
HOST_LM_HANDLER seq=12 start=626288908 end=626307412 ticks=18504
HOST_LM_PHASE seq=12 stage=envelope start=626288857 end=626288908
HOST_LM_PHASE seq=12 stage=handler_validation start=626288908 end=626288939
HOST_LM_PHASE seq=12 stage=source_validation start=626288939 end=626288972
HOST_LM_PHASE seq=12 stage=fence_drain start=626288972 end=626288991
HOST_LM_PHASE seq=12 stage=preflight_prep start=626288991 end=626289010
HOST_LM_PHASE seq=12 stage=preflight start=626289010 end=626289063
HOST_LM_PHASE seq=12 stage=bind_cache_unpack start=626289063 end=626289141
HOST_LM_PHASE seq=12 stage=perf_query_before start=626289141 end=626289181
HOST_LM_PHASE seq=12 stage=native_texsub start=626289181 end=626307236
HOST_LM_PHASE seq=12 stage=perf_query_after start=626307236 end=626307285
HOST_LM_PHASE seq=12 stage=restore start=626307285 end=626307328
HOST_LM_PHASE seq=12 stage=bridge_query start=626307328 end=626307394
HOST_LM_PHASE seq=12 stage=result start=626307394 end=626307412
HOST_LM_PHASE seq=12 stage=reply start=626307412 end=626308077
HOST_LM_NATIVE seq=12 key=clock_hz before=709379 after=709379
HOST_LM_NATIVE seq=12 key=residency_ticks before=2201681 after=2213139
HOST_LM_DELTA seq=12 key=residency_ticks delta=11458
HOST_LM_NATIVE seq=12 key=upload_ticks before=398164 after=398164
HOST_LM_DELTA seq=12 key=upload_ticks delta=0
HOST_LM_NATIVE seq=12 key=upload_bytes before=2854524 after=2854524
HOST_LM_DELTA seq=12 key=upload_bytes delta=0
HOST_LM_NATIVE seq=12 key=evictions before=0 after=0
HOST_LM_DELTA seq=12 key=evictions delta=0
HOST_LM_ID seq=13 context=1 name=1029 request_serial=1974
HOST_LM_RECT seq=13 level=0 x=0 y=119
HOST_LM_SIZE seq=13 w=128 h=9 wire_format_type=13107437
HOST_LM_RESULT seq=13 status=0 error=0 native_samples=3
HOST_LM_HINT seq=13 error=0
HOST_LM_ENTRY seq=13 mailbox=1 handler_entered=1 fences_at_drain=0
HOST_LM_TOTAL seq=13 start=627420900 end=627435005 ticks=14105
HOST_LM_HANDLER seq=13 start=627420953 end=627434923 ticks=13970
HOST_LM_PHASE seq=13 stage=envelope start=627420900 end=627420953
HOST_LM_PHASE seq=13 stage=handler_validation start=627420953 end=627420982
HOST_LM_PHASE seq=13 stage=source_validation start=627420982 end=627421633
HOST_LM_PHASE seq=13 stage=fence_drain start=627421633 end=627421655
HOST_LM_PHASE seq=13 stage=preflight_prep start=627421655 end=627421674
HOST_LM_PHASE seq=13 stage=preflight start=627421674 end=627421731
HOST_LM_PHASE seq=13 stage=bind_cache_unpack start=627421731 end=627421829
HOST_LM_PHASE seq=13 stage=perf_query_before start=627421829 end=627421868
HOST_LM_PHASE seq=13 stage=native_texsub start=627421868 end=627434750
HOST_LM_PHASE seq=13 stage=perf_query_after start=627434750 end=627434797
HOST_LM_PHASE seq=13 stage=restore start=627434797 end=627434841
HOST_LM_PHASE seq=13 stage=bridge_query start=627434841 end=627434907
HOST_LM_PHASE seq=13 stage=result start=627434907 end=627434923
HOST_LM_PHASE seq=13 stage=reply start=627434923 end=627435005
HOST_LM_NATIVE seq=13 key=clock_hz before=709379 after=709379
HOST_LM_NATIVE seq=13 key=residency_ticks before=2213139 after=2224559
HOST_LM_DELTA seq=13 key=residency_ticks delta=11420
HOST_LM_NATIVE seq=13 key=upload_ticks before=398164 after=398164
HOST_LM_DELTA seq=13 key=upload_ticks delta=0
HOST_LM_NATIVE seq=13 key=upload_bytes before=2854524 after=2854524
HOST_LM_DELTA seq=13 key=upload_bytes delta=0
HOST_LM_NATIVE seq=13 key=evictions before=0 after=0
HOST_LM_DELTA seq=13 key=evictions delta=0
HOST_LM_ID seq=14 context=1 name=1030 request_serial=1976
HOST_LM_RECT seq=14 level=0 x=0 y=0
HOST_LM_SIZE seq=14 w=128 h=16 wire_format_type=13107437
HOST_LM_RESULT seq=14 status=0 error=0 native_samples=3
HOST_LM_HINT seq=14 error=0
HOST_LM_ENTRY seq=14 mailbox=1 handler_entered=1 fences_at_drain=0
HOST_LM_TOTAL seq=14 start=627436701 end=627450994 ticks=14293
HOST_LM_HANDLER seq=14 start=627436752 end=627450918 ticks=14166
HOST_LM_PHASE seq=14 stage=envelope start=627436701 end=627436752
HOST_LM_PHASE seq=14 stage=handler_validation start=627436752 end=627436780
HOST_LM_PHASE seq=14 stage=source_validation start=627436780 end=627436815
HOST_LM_PHASE seq=14 stage=fence_drain start=627436815 end=627436832
HOST_LM_PHASE seq=14 stage=preflight_prep start=627436832 end=627436851
HOST_LM_PHASE seq=14 stage=preflight start=627436851 end=627436905
HOST_LM_PHASE seq=14 stage=bind_cache_unpack start=627436905 end=627436986
HOST_LM_PHASE seq=14 stage=perf_query_before start=627436986 end=627437026
HOST_LM_PHASE seq=14 stage=native_texsub start=627437026 end=627450744
HOST_LM_PHASE seq=14 stage=perf_query_after start=627450744 end=627450790
HOST_LM_PHASE seq=14 stage=restore start=627450790 end=627450836
HOST_LM_PHASE seq=14 stage=bridge_query start=627450836 end=627450900
HOST_LM_PHASE seq=14 stage=result start=627450900 end=627450918
HOST_LM_PHASE seq=14 stage=reply start=627450918 end=627450994
HOST_LM_NATIVE seq=14 key=clock_hz before=709379 after=709379
HOST_LM_NATIVE seq=14 key=residency_ticks before=2224559 after=2236254
HOST_LM_DELTA seq=14 key=residency_ticks delta=11695
HOST_LM_NATIVE seq=14 key=upload_ticks before=398164 after=398164
HOST_LM_DELTA seq=14 key=upload_ticks delta=0
HOST_LM_NATIVE seq=14 key=upload_bytes before=2854524 after=2854524
HOST_LM_DELTA seq=14 key=upload_bytes delta=0
HOST_LM_NATIVE seq=14 key=evictions before=0 after=0
HOST_LM_DELTA seq=14 key=evictions delta=0
HOST_LM_ID seq=15 context=1 name=1032 request_serial=1978
HOST_LM_RECT seq=15 level=0 x=0 y=24
HOST_LM_SIZE seq=15 w=128 h=16 wire_format_type=13107437
HOST_LM_RESULT seq=15 status=0 error=0 native_samples=3
HOST_LM_HINT seq=15 error=0
HOST_LM_ENTRY seq=15 mailbox=1 handler_entered=1 fences_at_drain=0
HOST_LM_TOTAL seq=15 start=627453827 end=627468478 ticks=14651
HOST_LM_HANDLER seq=15 start=627453880 end=627468395 ticks=14515
HOST_LM_PHASE seq=15 stage=envelope start=627453827 end=627453880
HOST_LM_PHASE seq=15 stage=handler_validation start=627453880 end=627453910
HOST_LM_PHASE seq=15 stage=source_validation start=627453910 end=627453943
HOST_LM_PHASE seq=15 stage=fence_drain start=627453943 end=627453963
HOST_LM_PHASE seq=15 stage=preflight_prep start=627453963 end=627453981
HOST_LM_PHASE seq=15 stage=preflight start=627453981 end=627454032
HOST_LM_PHASE seq=15 stage=bind_cache_unpack start=627454032 end=627454108
HOST_LM_PHASE seq=15 stage=perf_query_before start=627454108 end=627454149
HOST_LM_PHASE seq=15 stage=native_texsub start=627454149 end=627468066
HOST_LM_PHASE seq=15 stage=perf_query_after start=627468066 end=627468116
HOST_LM_PHASE seq=15 stage=restore start=627468116 end=627468161
HOST_LM_PHASE seq=15 stage=bridge_query start=627468161 end=627468223
HOST_LM_PHASE seq=15 stage=result start=627468223 end=627468395
HOST_LM_PHASE seq=15 stage=reply start=627468395 end=627468478
HOST_LM_NATIVE seq=15 key=clock_hz before=709379 after=709379
HOST_LM_NATIVE seq=15 key=residency_ticks before=2236254 after=2248013
HOST_LM_DELTA seq=15 key=residency_ticks delta=11759
HOST_LM_NATIVE seq=15 key=upload_ticks before=398164 after=398164
HOST_LM_DELTA seq=15 key=upload_ticks delta=0
HOST_LM_NATIVE seq=15 key=upload_bytes before=2854524 after=2854524
HOST_LM_DELTA seq=15 key=upload_bytes delta=0
HOST_LM_NATIVE seq=15 key=evictions before=0 after=0
HOST_LM_DELTA seq=15 key=evictions delta=0
HOST_LM_ID seq=16 context=1 name=1035 request_serial=1980
HOST_LM_RECT seq=16 level=0 x=0 y=124
HOST_LM_SIZE seq=16 w=128 h=2 wire_format_type=13107437
HOST_LM_RESULT seq=16 status=0 error=0 native_samples=3
HOST_LM_HINT seq=16 error=0
HOST_LM_ENTRY seq=16 mailbox=1 handler_entered=1 fences_at_drain=0
HOST_LM_TOTAL seq=16 start=627493801 end=627507488 ticks=13687
HOST_LM_HANDLER seq=16 start=627493856 end=627507408 ticks=13552
HOST_LM_PHASE seq=16 stage=envelope start=627493801 end=627493856
HOST_LM_PHASE seq=16 stage=handler_validation start=627493856 end=627493885
HOST_LM_PHASE seq=16 stage=source_validation start=627493885 end=627493918
HOST_LM_PHASE seq=16 stage=fence_drain start=627493918 end=627493937
HOST_LM_PHASE seq=16 stage=preflight_prep start=627493937 end=627493957
HOST_LM_PHASE seq=16 stage=preflight start=627493957 end=627494010
HOST_LM_PHASE seq=16 stage=bind_cache_unpack start=627494010 end=627494091
HOST_LM_PHASE seq=16 stage=perf_query_before start=627494091 end=627494129
HOST_LM_PHASE seq=16 stage=native_texsub start=627494129 end=627507146
HOST_LM_PHASE seq=16 stage=perf_query_after start=627507146 end=627507194
HOST_LM_PHASE seq=16 stage=restore start=627507194 end=627507322
HOST_LM_PHASE seq=16 stage=bridge_query start=627507322 end=627507390
HOST_LM_PHASE seq=16 stage=result start=627507390 end=627507408
HOST_LM_PHASE seq=16 stage=reply start=627507408 end=627507488
HOST_LM_NATIVE seq=16 key=clock_hz before=709379 after=709379
HOST_LM_NATIVE seq=16 key=residency_ticks before=2248013 after=2260120
HOST_LM_DELTA seq=16 key=residency_ticks delta=12107
HOST_LM_NATIVE seq=16 key=upload_ticks before=398164 after=398164
HOST_LM_DELTA seq=16 key=upload_ticks delta=0
HOST_LM_NATIVE seq=16 key=upload_bytes before=2854524 after=2854524
HOST_LM_DELTA seq=16 key=upload_bytes delta=0
HOST_LM_NATIVE seq=16 key=evictions before=0 after=0
HOST_LM_DELTA seq=16 key=evictions delta=0
HOST_LM_ID seq=17 context=1 name=1030 request_serial=1982
HOST_LM_RECT seq=17 level=0 x=0 y=0
HOST_LM_SIZE seq=17 w=128 h=16 wire_format_type=13107437
HOST_LM_RESULT seq=17 status=0 error=0 native_samples=3
HOST_LM_HINT seq=17 error=0
HOST_LM_ENTRY seq=17 mailbox=1 handler_entered=1 fences_at_drain=0
HOST_LM_TOTAL seq=17 start=627719341 end=627734260 ticks=14919
HOST_LM_HANDLER seq=17 start=627719393 end=627734179 ticks=14786
HOST_LM_PHASE seq=17 stage=envelope start=627719341 end=627719393
HOST_LM_PHASE seq=17 stage=handler_validation start=627719393 end=627719424
HOST_LM_PHASE seq=17 stage=source_validation start=627719424 end=627719460
HOST_LM_PHASE seq=17 stage=fence_drain start=627719460 end=627719478
HOST_LM_PHASE seq=17 stage=preflight_prep start=627719478 end=627719498
HOST_LM_PHASE seq=17 stage=preflight start=627719498 end=627720369
HOST_LM_PHASE seq=17 stage=bind_cache_unpack start=627720369 end=627720469
HOST_LM_PHASE seq=17 stage=perf_query_before start=627720469 end=627720511
HOST_LM_PHASE seq=17 stage=native_texsub start=627720511 end=627734010
HOST_LM_PHASE seq=17 stage=perf_query_after start=627734010 end=627734055
HOST_LM_PHASE seq=17 stage=restore start=627734055 end=627734102
HOST_LM_PHASE seq=17 stage=bridge_query start=627734102 end=627734162
HOST_LM_PHASE seq=17 stage=result start=627734162 end=627734179
HOST_LM_PHASE seq=17 stage=reply start=627734179 end=627734260
HOST_LM_NATIVE seq=17 key=clock_hz before=709379 after=709379
HOST_LM_NATIVE seq=17 key=residency_ticks before=2260120 after=2271560
HOST_LM_DELTA seq=17 key=residency_ticks delta=11440
HOST_LM_NATIVE seq=17 key=upload_ticks before=398164 after=398164
HOST_LM_DELTA seq=17 key=upload_ticks delta=0
HOST_LM_NATIVE seq=17 key=upload_bytes before=2854524 after=2854524
HOST_LM_DELTA seq=17 key=upload_bytes delta=0
HOST_LM_NATIVE seq=17 key=evictions before=0 after=0
HOST_LM_DELTA seq=17 key=evictions delta=0
HOST_LM_ID seq=18 context=1 name=1035 request_serial=1984
HOST_LM_RECT seq=18 level=0 x=0 y=120
HOST_LM_SIZE seq=18 w=128 h=2 wire_format_type=13107437
HOST_LM_RESULT seq=18 status=0 error=0 native_samples=3
HOST_LM_HINT seq=18 error=0
HOST_LM_ENTRY seq=18 mailbox=1 handler_entered=1 fences_at_drain=0
HOST_LM_TOTAL seq=18 start=627763415 end=627776576 ticks=13161
HOST_LM_HANDLER seq=18 start=627763469 end=627776498 ticks=13029
HOST_LM_PHASE seq=18 stage=envelope start=627763415 end=627763469
HOST_LM_PHASE seq=18 stage=handler_validation start=627763469 end=627763498
HOST_LM_PHASE seq=18 stage=source_validation start=627763498 end=627763535
HOST_LM_PHASE seq=18 stage=fence_drain start=627763535 end=627763554
HOST_LM_PHASE seq=18 stage=preflight_prep start=627763554 end=627763572
HOST_LM_PHASE seq=18 stage=preflight start=627763572 end=627763625
HOST_LM_PHASE seq=18 stage=bind_cache_unpack start=627763625 end=627763706
HOST_LM_PHASE seq=18 stage=perf_query_before start=627763706 end=627763745
HOST_LM_PHASE seq=18 stage=native_texsub start=627763745 end=627776320
HOST_LM_PHASE seq=18 stage=perf_query_after start=627776320 end=627776367
HOST_LM_PHASE seq=18 stage=restore start=627776367 end=627776413
HOST_LM_PHASE seq=18 stage=bridge_query start=627776413 end=627776480
HOST_LM_PHASE seq=18 stage=result start=627776480 end=627776498
HOST_LM_PHASE seq=18 stage=reply start=627776498 end=627776576
HOST_LM_NATIVE seq=18 key=clock_hz before=709379 after=709379
HOST_LM_NATIVE seq=18 key=residency_ticks before=2271560 after=2283221
HOST_LM_DELTA seq=18 key=residency_ticks delta=11661
HOST_LM_NATIVE seq=18 key=upload_ticks before=398164 after=398164
HOST_LM_DELTA seq=18 key=upload_ticks delta=0
HOST_LM_NATIVE seq=18 key=upload_bytes before=2854524 after=2854524
HOST_LM_DELTA seq=18 key=upload_bytes delta=0
HOST_LM_NATIVE seq=18 key=evictions before=0 after=0
HOST_LM_DELTA seq=18 key=evictions delta=0
HOST_LM_ID seq=19 context=1 name=1029 request_serial=1986
HOST_LM_RECT seq=19 level=0 x=0 y=120
HOST_LM_SIZE seq=19 w=128 h=7 wire_format_type=13107437
HOST_LM_RESULT seq=19 status=0 error=0 native_samples=3
HOST_LM_HINT seq=19 error=0
HOST_LM_ENTRY seq=19 mailbox=1 handler_entered=1 fences_at_drain=0
HOST_LM_TOTAL seq=19 start=627798553 end=627811876 ticks=13323
HOST_LM_HANDLER seq=19 start=627798606 end=627811798 ticks=13192
HOST_LM_PHASE seq=19 stage=envelope start=627798553 end=627798606
HOST_LM_PHASE seq=19 stage=handler_validation start=627798606 end=627798635
HOST_LM_PHASE seq=19 stage=source_validation start=627798635 end=627798670
HOST_LM_PHASE seq=19 stage=fence_drain start=627798670 end=627798691
HOST_LM_PHASE seq=19 stage=preflight_prep start=627798691 end=627798710
HOST_LM_PHASE seq=19 stage=preflight start=627798710 end=627798765
HOST_LM_PHASE seq=19 stage=bind_cache_unpack start=627798765 end=627798844
HOST_LM_PHASE seq=19 stage=perf_query_before start=627798844 end=627798884
HOST_LM_PHASE seq=19 stage=native_texsub start=627798884 end=627811632
HOST_LM_PHASE seq=19 stage=perf_query_after start=627811632 end=627811678
HOST_LM_PHASE seq=19 stage=restore start=627811678 end=627811722
HOST_LM_PHASE seq=19 stage=bridge_query start=627811722 end=627811782
HOST_LM_PHASE seq=19 stage=result start=627811782 end=627811798
HOST_LM_PHASE seq=19 stage=reply start=627811798 end=627811876
HOST_LM_NATIVE seq=19 key=clock_hz before=709379 after=709379
HOST_LM_NATIVE seq=19 key=residency_ticks before=2283221 after=2294659
HOST_LM_DELTA seq=19 key=residency_ticks delta=11438
HOST_LM_NATIVE seq=19 key=upload_ticks before=398164 after=398164
HOST_LM_DELTA seq=19 key=upload_ticks delta=0
HOST_LM_NATIVE seq=19 key=upload_bytes before=2854524 after=2854524
HOST_LM_DELTA seq=19 key=upload_bytes delta=0
HOST_LM_NATIVE seq=19 key=evictions before=0 after=0
HOST_LM_DELTA seq=19 key=evictions delta=0
HOST_LM_ID seq=20 context=1 name=1029 request_serial=1988
HOST_LM_RECT seq=20 level=0 x=0 y=119
HOST_LM_SIZE seq=20 w=128 h=4 wire_format_type=13107437
HOST_LM_RESULT seq=20 status=0 error=0 native_samples=3
HOST_LM_HINT seq=20 error=0
HOST_LM_ENTRY seq=20 mailbox=1 handler_entered=1 fences_at_drain=0
HOST_LM_TOTAL seq=20 start=627839637 end=627862773 ticks=23136
HOST_LM_HANDLER seq=20 start=627839688 end=627862699 ticks=23011
HOST_LM_PHASE seq=20 stage=envelope start=627839637 end=627839688
HOST_LM_PHASE seq=20 stage=handler_validation start=627839688 end=627839719
HOST_LM_PHASE seq=20 stage=source_validation start=627839719 end=627839755
HOST_LM_PHASE seq=20 stage=fence_drain start=627839755 end=627839776
HOST_LM_PHASE seq=20 stage=preflight_prep start=627839776 end=627839795
HOST_LM_PHASE seq=20 stage=preflight start=627839795 end=627839851
HOST_LM_PHASE seq=20 stage=bind_cache_unpack start=627839851 end=627839929
HOST_LM_PHASE seq=20 stage=perf_query_before start=627839929 end=627839967
HOST_LM_PHASE seq=20 stage=native_texsub start=627839967 end=627862520
HOST_LM_PHASE seq=20 stage=perf_query_after start=627862520 end=627862569
HOST_LM_PHASE seq=20 stage=restore start=627862569 end=627862617
HOST_LM_PHASE seq=20 stage=bridge_query start=627862617 end=627862682
HOST_LM_PHASE seq=20 stage=result start=627862682 end=627862699
HOST_LM_PHASE seq=20 stage=reply start=627862699 end=627862773
HOST_LM_NATIVE seq=20 key=clock_hz before=709379 after=709379
HOST_LM_NATIVE seq=20 key=residency_ticks before=2294659 after=2316136
HOST_LM_DELTA seq=20 key=residency_ticks delta=21477
HOST_LM_NATIVE seq=20 key=upload_ticks before=398164 after=398164
HOST_LM_DELTA seq=20 key=upload_ticks delta=0
HOST_LM_NATIVE seq=20 key=upload_bytes before=2854524 after=2854524
HOST_LM_DELTA seq=20 key=upload_bytes delta=0
HOST_LM_NATIVE seq=20 key=evictions before=0 after=0
HOST_LM_DELTA seq=20 key=evictions delta=0
HOST_LM_ID seq=21 context=1 name=1030 request_serial=1990
HOST_LM_RECT seq=21 level=0 x=0 y=0
HOST_LM_SIZE seq=21 w=128 h=14 wire_format_type=13107437
HOST_LM_RESULT seq=21 status=0 error=0 native_samples=3
HOST_LM_HINT seq=21 error=0
HOST_LM_ENTRY seq=21 mailbox=1 handler_entered=1 fences_at_drain=0
HOST_LM_TOTAL seq=21 start=627865335 end=627879344 ticks=14009
HOST_LM_HANDLER seq=21 start=627865392 end=627879262 ticks=13870
HOST_LM_PHASE seq=21 stage=envelope start=627865335 end=627865392
HOST_LM_PHASE seq=21 stage=handler_validation start=627865392 end=627865419
HOST_LM_PHASE seq=21 stage=source_validation start=627865419 end=627865452
HOST_LM_PHASE seq=21 stage=fence_drain start=627865452 end=627865470
HOST_LM_PHASE seq=21 stage=preflight_prep start=627865470 end=627865488
HOST_LM_PHASE seq=21 stage=preflight start=627865488 end=627865538
HOST_LM_PHASE seq=21 stage=bind_cache_unpack start=627865538 end=627865620
HOST_LM_PHASE seq=21 stage=perf_query_before start=627865620 end=627865658
HOST_LM_PHASE seq=21 stage=native_texsub start=627865658 end=627879095
HOST_LM_PHASE seq=21 stage=perf_query_after start=627879095 end=627879140
HOST_LM_PHASE seq=21 stage=restore start=627879140 end=627879186
HOST_LM_PHASE seq=21 stage=bridge_query start=627879186 end=627879245
HOST_LM_PHASE seq=21 stage=result start=627879245 end=627879262
HOST_LM_PHASE seq=21 stage=reply start=627879262 end=627879344
HOST_LM_NATIVE seq=21 key=clock_hz before=709379 after=709379
HOST_LM_NATIVE seq=21 key=residency_ticks before=2316136 after=2327698
HOST_LM_DELTA seq=21 key=residency_ticks delta=11562
HOST_LM_NATIVE seq=21 key=upload_ticks before=398164 after=398164
HOST_LM_DELTA seq=21 key=upload_ticks delta=0
HOST_LM_NATIVE seq=21 key=upload_bytes before=2854524 after=2854524
HOST_LM_DELTA seq=21 key=upload_bytes delta=0
HOST_LM_NATIVE seq=21 key=evictions before=0 after=0
HOST_LM_DELTA seq=21 key=evictions delta=0
HOST_LM_ID seq=22 context=1 name=1027 request_serial=1995
HOST_LM_RECT seq=22 level=0 x=0 y=53
HOST_LM_SIZE seq=22 w=128 h=22 wire_format_type=13107437
HOST_LM_RESULT seq=22 status=0 error=0 native_samples=3
HOST_LM_HINT seq=22 error=0
HOST_LM_ENTRY seq=22 mailbox=1 handler_entered=1 fences_at_drain=0
HOST_LM_TOTAL seq=22 start=627953460 end=627968112 ticks=14652
HOST_LM_HANDLER seq=22 start=627953512 end=627968030 ticks=14518
HOST_LM_PHASE seq=22 stage=envelope start=627953460 end=627953512
HOST_LM_PHASE seq=22 stage=handler_validation start=627953512 end=627953543
HOST_LM_PHASE seq=22 stage=source_validation start=627953543 end=627953579
HOST_LM_PHASE seq=22 stage=fence_drain start=627953579 end=627953598
HOST_LM_PHASE seq=22 stage=preflight_prep start=627953598 end=627953618
HOST_LM_PHASE seq=22 stage=preflight start=627953618 end=627953669
HOST_LM_PHASE seq=22 stage=bind_cache_unpack start=627953669 end=627953751
HOST_LM_PHASE seq=22 stage=perf_query_before start=627953751 end=627953791
HOST_LM_PHASE seq=22 stage=native_texsub start=627953791 end=627967856
HOST_LM_PHASE seq=22 stage=perf_query_after start=627967856 end=627967905
HOST_LM_PHASE seq=22 stage=restore start=627967905 end=627967950
HOST_LM_PHASE seq=22 stage=bridge_query start=627967950 end=627968013
HOST_LM_PHASE seq=22 stage=result start=627968013 end=627968030
HOST_LM_PHASE seq=22 stage=reply start=627968030 end=627968112
HOST_LM_NATIVE seq=22 key=clock_hz before=709379 after=709379
HOST_LM_NATIVE seq=22 key=residency_ticks before=2327698 after=2339218
HOST_LM_DELTA seq=22 key=residency_ticks delta=11520
HOST_LM_NATIVE seq=22 key=upload_ticks before=398164 after=398164
HOST_LM_DELTA seq=22 key=upload_ticks delta=0
HOST_LM_NATIVE seq=22 key=upload_bytes before=2854524 after=2854524
HOST_LM_DELTA seq=22 key=upload_bytes delta=0
HOST_LM_NATIVE seq=22 key=evictions before=0 after=0
HOST_LM_DELTA seq=22 key=evictions delta=0
HOST_LM_ID seq=23 context=1 name=1029 request_serial=1997
HOST_LM_RECT seq=23 level=0 x=0 y=118
HOST_LM_SIZE seq=23 w=128 h=10 wire_format_type=13107437
HOST_LM_RESULT seq=23 status=0 error=0 native_samples=3
HOST_LM_HINT seq=23 error=0
HOST_LM_ENTRY seq=23 mailbox=1 handler_entered=1 fences_at_drain=0
HOST_LM_TOTAL seq=23 start=627969806 end=627991587 ticks=21781
HOST_LM_HANDLER seq=23 start=627969860 end=627991501 ticks=21641
HOST_LM_PHASE seq=23 stage=envelope start=627969806 end=627969860
HOST_LM_PHASE seq=23 stage=handler_validation start=627969860 end=627969888
HOST_LM_PHASE seq=23 stage=source_validation start=627969888 end=627969923
HOST_LM_PHASE seq=23 stage=fence_drain start=627969923 end=627969944
HOST_LM_PHASE seq=23 stage=preflight_prep start=627969944 end=627969962
HOST_LM_PHASE seq=23 stage=preflight start=627969962 end=627970014
HOST_LM_PHASE seq=23 stage=bind_cache_unpack start=627970014 end=627970093
HOST_LM_PHASE seq=23 stage=perf_query_before start=627970093 end=627970133
HOST_LM_PHASE seq=23 stage=native_texsub start=627970133 end=627991299
HOST_LM_PHASE seq=23 stage=perf_query_after start=627991299 end=627991360
HOST_LM_PHASE seq=23 stage=restore start=627991360 end=627991412
HOST_LM_PHASE seq=23 stage=bridge_query start=627991412 end=627991482
HOST_LM_PHASE seq=23 stage=result start=627991482 end=627991501
HOST_LM_PHASE seq=23 stage=reply start=627991501 end=627991587
HOST_LM_NATIVE seq=23 key=clock_hz before=709379 after=709379
HOST_LM_NATIVE seq=23 key=residency_ticks before=2339218 after=2350471
HOST_LM_DELTA seq=23 key=residency_ticks delta=11253
HOST_LM_NATIVE seq=23 key=upload_ticks before=398164 after=398164
HOST_LM_DELTA seq=23 key=upload_ticks delta=0
HOST_LM_NATIVE seq=23 key=upload_bytes before=2854524 after=2854524
HOST_LM_DELTA seq=23 key=upload_bytes delta=0
HOST_LM_NATIVE seq=23 key=evictions before=0 after=0
HOST_LM_DELTA seq=23 key=evictions delta=0
HOST_LM_ID seq=24 context=1 name=1030 request_serial=1999
HOST_LM_RECT seq=24 level=0 x=0 y=0
HOST_LM_SIZE seq=24 w=128 h=16 wire_format_type=13107437
HOST_LM_RESULT seq=24 status=0 error=0 native_samples=3
HOST_LM_HINT seq=24 error=0
HOST_LM_ENTRY seq=24 mailbox=1 handler_entered=1 fences_at_drain=0
HOST_LM_TOTAL seq=24 start=627993473 end=628017608 ticks=24135
HOST_LM_HANDLER seq=24 start=627993524 end=628017534 ticks=24010
HOST_LM_PHASE seq=24 stage=envelope start=627993473 end=627993524
HOST_LM_PHASE seq=24 stage=handler_validation start=627993524 end=627993551
HOST_LM_PHASE seq=24 stage=source_validation start=627993551 end=627993588
HOST_LM_PHASE seq=24 stage=fence_drain start=627993588 end=627993605
HOST_LM_PHASE seq=24 stage=preflight_prep start=627993605 end=627993623
HOST_LM_PHASE seq=24 stage=preflight start=627993623 end=627993673
HOST_LM_PHASE seq=24 stage=bind_cache_unpack start=627993673 end=627993752
HOST_LM_PHASE seq=24 stage=perf_query_before start=627993752 end=627993789
HOST_LM_PHASE seq=24 stage=native_texsub start=627993789 end=628017357
HOST_LM_PHASE seq=24 stage=perf_query_after start=628017357 end=628017404
HOST_LM_PHASE seq=24 stage=restore start=628017404 end=628017449
HOST_LM_PHASE seq=24 stage=bridge_query start=628017449 end=628017517
HOST_LM_PHASE seq=24 stage=result start=628017517 end=628017534
HOST_LM_PHASE seq=24 stage=reply start=628017534 end=628017608
HOST_LM_NATIVE seq=24 key=clock_hz before=709379 after=709379
HOST_LM_NATIVE seq=24 key=residency_ticks before=2350471 after=2366728
HOST_LM_DELTA seq=24 key=residency_ticks delta=16257
HOST_LM_NATIVE seq=24 key=upload_ticks before=398164 after=398164
HOST_LM_DELTA seq=24 key=upload_ticks delta=0
HOST_LM_NATIVE seq=24 key=upload_bytes before=2854524 after=2854524
HOST_LM_DELTA seq=24 key=upload_bytes delta=0
HOST_LM_NATIVE seq=24 key=evictions before=0 after=0
HOST_LM_DELTA seq=24 key=evictions delta=0
HOST_LM_ID seq=25 context=1 name=1032 request_serial=2001
HOST_LM_RECT seq=25 level=0 x=0 y=71
HOST_LM_SIZE seq=25 w=128 h=53 wire_format_type=13107437
HOST_LM_RESULT seq=25 status=0 error=0 native_samples=3
HOST_LM_HINT seq=25 error=0
HOST_LM_ENTRY seq=25 mailbox=1 handler_entered=1 fences_at_drain=0
HOST_LM_TOTAL seq=25 start=628020436 end=628037591 ticks=17155
HOST_LM_HANDLER seq=25 start=628020487 end=628037512 ticks=17025
HOST_LM_PHASE seq=25 stage=envelope start=628020436 end=628020487
HOST_LM_PHASE seq=25 stage=handler_validation start=628020487 end=628020518
HOST_LM_PHASE seq=25 stage=source_validation start=628020518 end=628020553
HOST_LM_PHASE seq=25 stage=fence_drain start=628020553 end=628020573
HOST_LM_PHASE seq=25 stage=preflight_prep start=628020573 end=628020590
HOST_LM_PHASE seq=25 stage=preflight start=628020590 end=628020643
HOST_LM_PHASE seq=25 stage=bind_cache_unpack start=628020643 end=628020725
HOST_LM_PHASE seq=25 stage=perf_query_before start=628020725 end=628020765
HOST_LM_PHASE seq=25 stage=native_texsub start=628020765 end=628037339
HOST_LM_PHASE seq=25 stage=perf_query_after start=628037339 end=628037386
HOST_LM_PHASE seq=25 stage=restore start=628037386 end=628037431
HOST_LM_PHASE seq=25 stage=bridge_query start=628037431 end=628037494
HOST_LM_PHASE seq=25 stage=result start=628037494 end=628037512
HOST_LM_PHASE seq=25 stage=reply start=628037512 end=628037591
HOST_LM_NATIVE seq=25 key=clock_hz before=709379 after=709379
HOST_LM_NATIVE seq=25 key=residency_ticks before=2366728 after=2378250
HOST_LM_DELTA seq=25 key=residency_ticks delta=11522
HOST_LM_NATIVE seq=25 key=upload_ticks before=398164 after=398164
HOST_LM_DELTA seq=25 key=upload_ticks delta=0
HOST_LM_NATIVE seq=25 key=upload_bytes before=2854524 after=2854524
HOST_LM_DELTA seq=25 key=upload_bytes delta=0
HOST_LM_NATIVE seq=25 key=evictions before=0 after=0
HOST_LM_DELTA seq=25 key=evictions delta=0
HOST_LM_ID seq=26 context=1 name=1035 request_serial=2006
HOST_LM_RECT seq=26 level=0 x=0 y=112
HOST_LM_SIZE seq=26 w=128 h=15 wire_format_type=13107437
HOST_LM_RESULT seq=26 status=0 error=0 native_samples=3
HOST_LM_HINT seq=26 error=0
HOST_LM_ENTRY seq=26 mailbox=1 handler_entered=1 fences_at_drain=0
HOST_LM_TOTAL seq=26 start=628263034 end=628290010 ticks=26976
HOST_LM_HANDLER seq=26 start=628263088 end=628289925 ticks=26837
HOST_LM_PHASE seq=26 stage=envelope start=628263034 end=628263088
HOST_LM_PHASE seq=26 stage=handler_validation start=628263088 end=628263118
HOST_LM_PHASE seq=26 stage=source_validation start=628263118 end=628263151
HOST_LM_PHASE seq=26 stage=fence_drain start=628263151 end=628263168
HOST_LM_PHASE seq=26 stage=preflight_prep start=628263168 end=628263187
HOST_LM_PHASE seq=26 stage=preflight start=628263187 end=628263241
HOST_LM_PHASE seq=26 stage=bind_cache_unpack start=628263241 end=628263324
HOST_LM_PHASE seq=26 stage=perf_query_before start=628263324 end=628263362
HOST_LM_PHASE seq=26 stage=native_texsub start=628263362 end=628289748
HOST_LM_PHASE seq=26 stage=perf_query_after start=628289748 end=628289798
HOST_LM_PHASE seq=26 stage=restore start=628289798 end=628289844
HOST_LM_PHASE seq=26 stage=bridge_query start=628289844 end=628289908
HOST_LM_PHASE seq=26 stage=result start=628289908 end=628289925
HOST_LM_PHASE seq=26 stage=reply start=628289925 end=628290010
HOST_LM_NATIVE seq=26 key=clock_hz before=709379 after=709379
HOST_LM_NATIVE seq=26 key=residency_ticks before=2378250 after=2402637
HOST_LM_DELTA seq=26 key=residency_ticks delta=24387
HOST_LM_NATIVE seq=26 key=upload_ticks before=398164 after=398164
HOST_LM_DELTA seq=26 key=upload_ticks delta=0
HOST_LM_NATIVE seq=26 key=upload_bytes before=2854524 after=2854524
HOST_LM_DELTA seq=26 key=upload_bytes delta=0
HOST_LM_NATIVE seq=26 key=evictions before=0 after=0
HOST_LM_DELTA seq=26 key=evictions delta=0
HOST_LM_ID seq=27 context=1 name=1036 request_serial=2008
HOST_LM_RECT seq=27 level=0 x=0 y=0
HOST_LM_SIZE seq=27 w=128 h=15 wire_format_type=13107437
HOST_LM_RESULT seq=27 status=0 error=0 native_samples=3
HOST_LM_HINT seq=27 error=0
HOST_LM_ENTRY seq=27 mailbox=1 handler_entered=1 fences_at_drain=0
HOST_LM_TOTAL seq=27 start=628291770 end=628306856 ticks=15086
HOST_LM_HANDLER seq=27 start=628291821 end=628306771 ticks=14950
HOST_LM_PHASE seq=27 stage=envelope start=628291770 end=628291821
HOST_LM_PHASE seq=27 stage=handler_validation start=628291821 end=628291850
HOST_LM_PHASE seq=27 stage=source_validation start=628291850 end=628291889
HOST_LM_PHASE seq=27 stage=fence_drain start=628291889 end=628291908
HOST_LM_PHASE seq=27 stage=preflight_prep start=628291908 end=628291926
HOST_LM_PHASE seq=27 stage=preflight start=628291926 end=628291978
HOST_LM_PHASE seq=27 stage=bind_cache_unpack start=628291978 end=628292054
HOST_LM_PHASE seq=27 stage=perf_query_before start=628292054 end=628292094
HOST_LM_PHASE seq=27 stage=native_texsub start=628292094 end=628305747
HOST_LM_PHASE seq=27 stage=perf_query_after start=628305747 end=628305793
HOST_LM_PHASE seq=27 stage=restore start=628305793 end=628305839
HOST_LM_PHASE seq=27 stage=bridge_query start=628305839 end=628306746
HOST_LM_PHASE seq=27 stage=result start=628306746 end=628306771
HOST_LM_PHASE seq=27 stage=reply start=628306771 end=628306856
HOST_LM_NATIVE seq=27 key=clock_hz before=709379 after=709379
HOST_LM_NATIVE seq=27 key=residency_ticks before=2402637 after=2414341
HOST_LM_DELTA seq=27 key=residency_ticks delta=11704
HOST_LM_NATIVE seq=27 key=upload_ticks before=398164 after=398164
HOST_LM_DELTA seq=27 key=upload_ticks delta=0
HOST_LM_NATIVE seq=27 key=upload_bytes before=2854524 after=2854524
HOST_LM_DELTA seq=27 key=upload_bytes delta=0
HOST_LM_NATIVE seq=27 key=evictions before=0 after=0
HOST_LM_DELTA seq=27 key=evictions delta=0
HOST_LM_ID seq=28 context=1 name=1029 request_serial=2010
HOST_LM_RECT seq=28 level=0 x=0 y=119
HOST_LM_SIZE seq=28 w=128 h=4 wire_format_type=13107437
HOST_LM_RESULT seq=28 status=0 error=0 native_samples=3
HOST_LM_HINT seq=28 error=0
HOST_LM_ENTRY seq=28 mailbox=1 handler_entered=1 fences_at_drain=0
HOST_LM_TOTAL seq=28 start=628339500 end=628352590 ticks=13090
HOST_LM_HANDLER seq=28 start=628339556 end=628352509 ticks=12953
HOST_LM_PHASE seq=28 stage=envelope start=628339500 end=628339556
HOST_LM_PHASE seq=28 stage=handler_validation start=628339556 end=628339586
HOST_LM_PHASE seq=28 stage=source_validation start=628339586 end=628339621
HOST_LM_PHASE seq=28 stage=fence_drain start=628339621 end=628339642
HOST_LM_PHASE seq=28 stage=preflight_prep start=628339642 end=628339660
HOST_LM_PHASE seq=28 stage=preflight start=628339660 end=628339713
HOST_LM_PHASE seq=28 stage=bind_cache_unpack start=628339713 end=628339795
HOST_LM_PHASE seq=28 stage=perf_query_before start=628339795 end=628339838
HOST_LM_PHASE seq=28 stage=native_texsub start=628339838 end=628352333
HOST_LM_PHASE seq=28 stage=perf_query_after start=628352333 end=628352379
HOST_LM_PHASE seq=28 stage=restore start=628352379 end=628352424
HOST_LM_PHASE seq=28 stage=bridge_query start=628352424 end=628352491
HOST_LM_PHASE seq=28 stage=result start=628352491 end=628352509
HOST_LM_PHASE seq=28 stage=reply start=628352509 end=628352590
HOST_LM_NATIVE seq=28 key=clock_hz before=709379 after=709379
HOST_LM_NATIVE seq=28 key=residency_ticks before=2414341 after=2425769
HOST_LM_DELTA seq=28 key=residency_ticks delta=11428
HOST_LM_NATIVE seq=28 key=upload_ticks before=398164 after=398164
HOST_LM_DELTA seq=28 key=upload_ticks delta=0
HOST_LM_NATIVE seq=28 key=upload_bytes before=2854524 after=2854524
HOST_LM_DELTA seq=28 key=upload_bytes delta=0
HOST_LM_NATIVE seq=28 key=evictions before=0 after=0
HOST_LM_DELTA seq=28 key=evictions delta=0
HOST_LM_ID seq=29 context=1 name=1030 request_serial=2012
HOST_LM_RECT seq=29 level=0 x=0 y=0
HOST_LM_SIZE seq=29 w=128 h=14 wire_format_type=13107437
HOST_LM_RESULT seq=29 status=0 error=0 native_samples=3
HOST_LM_HINT seq=29 error=0
HOST_LM_ENTRY seq=29 mailbox=1 handler_entered=1 fences_at_drain=0
HOST_LM_TOTAL seq=29 start=628354408 end=628368360 ticks=13952
HOST_LM_HANDLER seq=29 start=628354463 end=628368281 ticks=13818
HOST_LM_PHASE seq=29 stage=envelope start=628354408 end=628354463
HOST_LM_PHASE seq=29 stage=handler_validation start=628354463 end=628354491
HOST_LM_PHASE seq=29 stage=source_validation start=628354491 end=628354526
HOST_LM_PHASE seq=29 stage=fence_drain start=628354526 end=628354546
HOST_LM_PHASE seq=29 stage=preflight_prep start=628354546 end=628354564
HOST_LM_PHASE seq=29 stage=preflight start=628354564 end=628354618
HOST_LM_PHASE seq=29 stage=bind_cache_unpack start=628354618 end=628354700
HOST_LM_PHASE seq=29 stage=perf_query_before start=628354700 end=628354741
HOST_LM_PHASE seq=29 stage=native_texsub start=628354741 end=628368116
HOST_LM_PHASE seq=29 stage=perf_query_after start=628368116 end=628368161
HOST_LM_PHASE seq=29 stage=restore start=628368161 end=628368205
HOST_LM_PHASE seq=29 stage=bridge_query start=628368205 end=628368264
HOST_LM_PHASE seq=29 stage=result start=628368264 end=628368281
HOST_LM_PHASE seq=29 stage=reply start=628368281 end=628368360
HOST_LM_NATIVE seq=29 key=clock_hz before=709379 after=709379
HOST_LM_NATIVE seq=29 key=residency_ticks before=2425769 after=2437270
HOST_LM_DELTA seq=29 key=residency_ticks delta=11501
HOST_LM_NATIVE seq=29 key=upload_ticks before=398164 after=398164
HOST_LM_DELTA seq=29 key=upload_ticks delta=0
HOST_LM_NATIVE seq=29 key=upload_bytes before=2854524 after=2854524
HOST_LM_DELTA seq=29 key=upload_bytes delta=0
HOST_LM_NATIVE seq=29 key=evictions before=0 after=0
HOST_LM_DELTA seq=29 key=evictions delta=0
HOST_LM_ID seq=30 context=1 name=1032 request_serial=2014
HOST_LM_RECT seq=30 level=0 x=0 y=23
HOST_LM_SIZE seq=30 w=128 h=17 wire_format_type=13107437
HOST_LM_RESULT seq=30 status=0 error=0 native_samples=3
HOST_LM_HINT seq=30 error=0
HOST_LM_ENTRY seq=30 mailbox=1 handler_entered=1 fences_at_drain=0
HOST_LM_TOTAL seq=30 start=628370173 end=628385006 ticks=14833
HOST_LM_HANDLER seq=30 start=628370226 end=628384929 ticks=14703
HOST_LM_PHASE seq=30 stage=envelope start=628370173 end=628370226
HOST_LM_PHASE seq=30 stage=handler_validation start=628370226 end=628370258
HOST_LM_PHASE seq=30 stage=source_validation start=628370258 end=628370290
HOST_LM_PHASE seq=30 stage=fence_drain start=628370290 end=628370309
HOST_LM_PHASE seq=30 stage=preflight_prep start=628370309 end=628370328
HOST_LM_PHASE seq=30 stage=preflight start=628370328 end=628370381
HOST_LM_PHASE seq=30 stage=bind_cache_unpack start=628370381 end=628370458
HOST_LM_PHASE seq=30 stage=perf_query_before start=628370458 end=628370499
HOST_LM_PHASE seq=30 stage=native_texsub start=628370499 end=628384755
HOST_LM_PHASE seq=30 stage=perf_query_after start=628384755 end=628384803
HOST_LM_PHASE seq=30 stage=restore start=628384803 end=628384851
HOST_LM_PHASE seq=30 stage=bridge_query start=628384851 end=628384912
HOST_LM_PHASE seq=30 stage=result start=628384912 end=628384929
HOST_LM_PHASE seq=30 stage=reply start=628384929 end=628385006
HOST_LM_NATIVE seq=30 key=clock_hz before=709379 after=709379
HOST_LM_NATIVE seq=30 key=residency_ticks before=2437270 after=2449383
HOST_LM_DELTA seq=30 key=residency_ticks delta=12113
HOST_LM_NATIVE seq=30 key=upload_ticks before=398164 after=398164
HOST_LM_DELTA seq=30 key=upload_ticks delta=0
HOST_LM_NATIVE seq=30 key=upload_bytes before=2854524 after=2854524
HOST_LM_DELTA seq=30 key=upload_bytes delta=0
HOST_LM_NATIVE seq=30 key=evictions before=0 after=0
HOST_LM_DELTA seq=30 key=evictions delta=0
HOST_LM_ID seq=31 context=1 name=1032 request_serial=2016
HOST_LM_RECT seq=31 level=0 x=0 y=19
HOST_LM_SIZE seq=31 w=128 h=11 wire_format_type=13107437
HOST_LM_RESULT seq=31 status=0 error=0 native_samples=3
HOST_LM_HINT seq=31 error=0
HOST_LM_ENTRY seq=31 mailbox=1 handler_entered=1 fences_at_drain=0
HOST_LM_TOTAL seq=31 start=628467151 end=628481197 ticks=14046
HOST_LM_HANDLER seq=31 start=628467203 end=628481119 ticks=13916
HOST_LM_PHASE seq=31 stage=envelope start=628467151 end=628467203
HOST_LM_PHASE seq=31 stage=handler_validation start=628467203 end=628467234
HOST_LM_PHASE seq=31 stage=source_validation start=628467234 end=628467268
HOST_LM_PHASE seq=31 stage=fence_drain start=628467268 end=628467287
HOST_LM_PHASE seq=31 stage=preflight_prep start=628467287 end=628467306
HOST_LM_PHASE seq=31 stage=preflight start=628467306 end=628467358
HOST_LM_PHASE seq=31 stage=bind_cache_unpack start=628467358 end=628467440
HOST_LM_PHASE seq=31 stage=perf_query_before start=628467440 end=628467479
HOST_LM_PHASE seq=31 stage=native_texsub start=628467479 end=628480947
HOST_LM_PHASE seq=31 stage=perf_query_after start=628480947 end=628480995
HOST_LM_PHASE seq=31 stage=restore start=628480995 end=628481040
HOST_LM_PHASE seq=31 stage=bridge_query start=628481040 end=628481101
HOST_LM_PHASE seq=31 stage=result start=628481101 end=628481119
HOST_LM_PHASE seq=31 stage=reply start=628481119 end=628481197
HOST_LM_NATIVE seq=31 key=clock_hz before=709379 after=709379
HOST_LM_NATIVE seq=31 key=residency_ticks before=2449383 after=2461196
HOST_LM_DELTA seq=31 key=residency_ticks delta=11813
HOST_LM_NATIVE seq=31 key=upload_ticks before=398164 after=398164
HOST_LM_DELTA seq=31 key=upload_ticks delta=0
HOST_LM_NATIVE seq=31 key=upload_bytes before=2854524 after=2854524
HOST_LM_DELTA seq=31 key=upload_bytes delta=0
HOST_LM_NATIVE seq=31 key=evictions before=0 after=0
HOST_LM_DELTA seq=31 key=evictions delta=0
HOST_LM_ID seq=32 context=1 name=1032 request_serial=2018
HOST_LM_RECT seq=32 level=0 x=0 y=19
HOST_LM_SIZE seq=32 w=128 h=11 wire_format_type=13107437
HOST_LM_RESULT seq=32 status=0 error=0 native_samples=3
HOST_LM_HINT seq=32 error=0
HOST_LM_ENTRY seq=32 mailbox=1 handler_entered=1 fences_at_drain=0
HOST_LM_TOTAL seq=32 start=628532742 end=628546952 ticks=14210
HOST_LM_HANDLER seq=32 start=628532795 end=628546872 ticks=14077
HOST_LM_PHASE seq=32 stage=envelope start=628532742 end=628532795
HOST_LM_PHASE seq=32 stage=handler_validation start=628532795 end=628532823
HOST_LM_PHASE seq=32 stage=source_validation start=628532823 end=628532860
HOST_LM_PHASE seq=32 stage=fence_drain start=628532860 end=628532879
HOST_LM_PHASE seq=32 stage=preflight_prep start=628532879 end=628532896
HOST_LM_PHASE seq=32 stage=preflight start=628532896 end=628532948
HOST_LM_PHASE seq=32 stage=bind_cache_unpack start=628532948 end=628533026
HOST_LM_PHASE seq=32 stage=perf_query_before start=628533026 end=628533069
HOST_LM_PHASE seq=32 stage=native_texsub start=628533069 end=628546701
HOST_LM_PHASE seq=32 stage=perf_query_after start=628546701 end=628546746
HOST_LM_PHASE seq=32 stage=restore start=628546746 end=628546792
HOST_LM_PHASE seq=32 stage=bridge_query start=628546792 end=628546854
HOST_LM_PHASE seq=32 stage=result start=628546854 end=628546872
HOST_LM_PHASE seq=32 stage=reply start=628546872 end=628546952
HOST_LM_NATIVE seq=32 key=clock_hz before=709379 after=709379
HOST_LM_NATIVE seq=32 key=residency_ticks before=2461196 after=2472710
HOST_LM_DELTA seq=32 key=residency_ticks delta=11514
HOST_LM_NATIVE seq=32 key=upload_ticks before=398164 after=398164
HOST_LM_DELTA seq=32 key=upload_ticks delta=0
HOST_LM_NATIVE seq=32 key=upload_bytes before=2854524 after=2854524
HOST_LM_DELTA seq=32 key=upload_bytes delta=0
HOST_LM_NATIVE seq=32 key=evictions before=0 after=0
HOST_LM_DELTA seq=32 key=evictions delta=0
HOST_LM_ID seq=33 context=1 name=1035 request_serial=2020
HOST_LM_RECT seq=33 level=0 x=0 y=16
HOST_LM_SIZE seq=33 w=128 h=13 wire_format_type=13107437
HOST_LM_RESULT seq=33 status=0 error=0 native_samples=3
HOST_LM_HINT seq=33 error=0
HOST_LM_ENTRY seq=33 mailbox=1 handler_entered=1 fences_at_drain=0
HOST_LM_TOTAL seq=33 start=628603951 end=628617904 ticks=13953
HOST_LM_HANDLER seq=33 start=628604005 end=628617823 ticks=13818
HOST_LM_PHASE seq=33 stage=envelope start=628603951 end=628604005
HOST_LM_PHASE seq=33 stage=handler_validation start=628604005 end=628604034
HOST_LM_PHASE seq=33 stage=source_validation start=628604034 end=628604069
HOST_LM_PHASE seq=33 stage=fence_drain start=628604069 end=628604085
HOST_LM_PHASE seq=33 stage=preflight_prep start=628604085 end=628604102
HOST_LM_PHASE seq=33 stage=preflight start=628604102 end=628604156
HOST_LM_PHASE seq=33 stage=bind_cache_unpack start=628604156 end=628604237
HOST_LM_PHASE seq=33 stage=perf_query_before start=628604237 end=628604278
HOST_LM_PHASE seq=33 stage=native_texsub start=628604278 end=628617647
HOST_LM_PHASE seq=33 stage=perf_query_after start=628617647 end=628617695
HOST_LM_PHASE seq=33 stage=restore start=628617695 end=628617742
HOST_LM_PHASE seq=33 stage=bridge_query start=628617742 end=628617806
HOST_LM_PHASE seq=33 stage=result start=628617806 end=628617823
HOST_LM_PHASE seq=33 stage=reply start=628617823 end=628617904
HOST_LM_NATIVE seq=33 key=clock_hz before=709379 after=709379
HOST_LM_NATIVE seq=33 key=residency_ticks before=2472710 after=2483984
HOST_LM_DELTA seq=33 key=residency_ticks delta=11274
HOST_LM_NATIVE seq=33 key=upload_ticks before=398164 after=398164
HOST_LM_DELTA seq=33 key=upload_ticks delta=0
HOST_LM_NATIVE seq=33 key=upload_bytes before=2854524 after=2854524
HOST_LM_DELTA seq=33 key=upload_bytes delta=0
HOST_LM_NATIVE seq=33 key=evictions before=0 after=0
HOST_LM_DELTA seq=33 key=evictions delta=0
HOST_LM_ID seq=34 context=1 name=1036 request_serial=2025
HOST_LM_RECT seq=34 level=0 x=0 y=31
HOST_LM_SIZE seq=34 w=128 h=4 wire_format_type=13107437
HOST_LM_RESULT seq=34 status=0 error=0 native_samples=3
HOST_LM_HINT seq=34 error=0
HOST_LM_ENTRY seq=34 mailbox=1 handler_entered=1 fences_at_drain=0
HOST_LM_TOTAL seq=34 start=628967790 end=628980871 ticks=13081
HOST_LM_HANDLER seq=34 start=628967846 end=628980790 ticks=12944
HOST_LM_PHASE seq=34 stage=envelope start=628967790 end=628967846
HOST_LM_PHASE seq=34 stage=handler_validation start=628967846 end=628967877
HOST_LM_PHASE seq=34 stage=source_validation start=628967877 end=628967912
HOST_LM_PHASE seq=34 stage=fence_drain start=628967912 end=628967930
HOST_LM_PHASE seq=34 stage=preflight_prep start=628967930 end=628967948
HOST_LM_PHASE seq=34 stage=preflight start=628967948 end=628968002
HOST_LM_PHASE seq=34 stage=bind_cache_unpack start=628968002 end=628968082
HOST_LM_PHASE seq=34 stage=perf_query_before start=628968082 end=628968123
HOST_LM_PHASE seq=34 stage=native_texsub start=628968123 end=628980620
HOST_LM_PHASE seq=34 stage=perf_query_after start=628980620 end=628980667
HOST_LM_PHASE seq=34 stage=restore start=628980667 end=628980711
HOST_LM_PHASE seq=34 stage=bridge_query start=628980711 end=628980773
HOST_LM_PHASE seq=34 stage=result start=628980773 end=628980790
HOST_LM_PHASE seq=34 stage=reply start=628980790 end=628980871
HOST_LM_NATIVE seq=34 key=clock_hz before=709379 after=709379
HOST_LM_NATIVE seq=34 key=residency_ticks before=2483984 after=2495404
HOST_LM_DELTA seq=34 key=residency_ticks delta=11420
HOST_LM_NATIVE seq=34 key=upload_ticks before=398164 after=398164
HOST_LM_DELTA seq=34 key=upload_ticks delta=0
HOST_LM_NATIVE seq=34 key=upload_bytes before=2854524 after=2854524
HOST_LM_DELTA seq=34 key=upload_bytes delta=0
HOST_LM_NATIVE seq=34 key=evictions before=0 after=0
HOST_LM_DELTA seq=34 key=evictions delta=0
HOST_LM_ID seq=35 context=1 name=1032 request_serial=2027
HOST_LM_RECT seq=35 level=0 x=0 y=76
HOST_LM_SIZE seq=35 w=128 h=4 wire_format_type=13107437
HOST_LM_RESULT seq=35 status=0 error=0 native_samples=3
HOST_LM_HINT seq=35 error=0
HOST_LM_ENTRY seq=35 mailbox=1 handler_entered=1 fences_at_drain=0
HOST_LM_TOTAL seq=35 start=628985234 end=628998556 ticks=13322
HOST_LM_HANDLER seq=35 start=628985284 end=628998477 ticks=13193
HOST_LM_PHASE seq=35 stage=envelope start=628985234 end=628985284
HOST_LM_PHASE seq=35 stage=handler_validation start=628985284 end=628985313
HOST_LM_PHASE seq=35 stage=source_validation start=628985313 end=628985348
HOST_LM_PHASE seq=35 stage=fence_drain start=628985348 end=628985367
HOST_LM_PHASE seq=35 stage=preflight_prep start=628985367 end=628985385
HOST_LM_PHASE seq=35 stage=preflight start=628985385 end=628985437
HOST_LM_PHASE seq=35 stage=bind_cache_unpack start=628985437 end=628985513
HOST_LM_PHASE seq=35 stage=perf_query_before start=628985513 end=628985553
HOST_LM_PHASE seq=35 stage=native_texsub start=628985553 end=628998307
HOST_LM_PHASE seq=35 stage=perf_query_after start=628998307 end=628998352
HOST_LM_PHASE seq=35 stage=restore start=628998352 end=628998397
HOST_LM_PHASE seq=35 stage=bridge_query start=628998397 end=628998460
HOST_LM_PHASE seq=35 stage=result start=628998460 end=628998477
HOST_LM_PHASE seq=35 stage=reply start=628998477 end=628998556
HOST_LM_NATIVE seq=35 key=clock_hz before=709379 after=709379
HOST_LM_NATIVE seq=35 key=residency_ticks before=2495404 after=2507082
HOST_LM_DELTA seq=35 key=residency_ticks delta=11678
HOST_LM_NATIVE seq=35 key=upload_ticks before=398164 after=398164
HOST_LM_DELTA seq=35 key=upload_ticks delta=0
HOST_LM_NATIVE seq=35 key=upload_bytes before=2854524 after=2854524
HOST_LM_DELTA seq=35 key=upload_bytes delta=0
HOST_LM_NATIVE seq=35 key=evictions before=0 after=0
HOST_LM_DELTA seq=35 key=evictions delta=0
MiniGLPPC host: attribution scope=host_session_including_setup_idle_context_teardown inclusive=1 mutually_exclusive=0 counter_bits=32 busy=control+barrier+total+ring+mailbox idle=max(wall-busy,0) idle_is_cpu_idle=0
MiniGLPPC host: session_ticks wall=41726593 busy=15318775 idle=26407818
MiniGLPPC host: session wall_us=58821297 idle_us=37226670 msgs control=6 control_us=478150 barrier=0 barrier_us=0 execute_msgs=0 ring_us=12333126
MiniGLPPC host: mailbox=2038 mailbox_us=8783349
MiniGLPPC host: direct_begin=267 direct_begin_us=59547 direct_commit=0 direct_commit_us=0
MiniGLPPC host: direct_begin2=0 direct_begin2_us=0 direct_commit2=0 direct_commit2_us=0
MiniGLPPC host: uploads=267 upload_fails=267
HOST_SUBIMAGE count=35 handler_us=785378 preflight_us=3350 native_texsub_us=761470 bridge_query_us=2237
HOST_BRIDGE_CACHE enabled=1 scope=ring_poll_burst v2_queries_including_registration=16117 hits=0
HOST_POLL scope=host_session polls=top_level_only sample_period_loops=16 ticks=sampled_unscaled calls=sampled_including_zero_tick loops=2705629 eclock_hz=709379
HOST_POLL mailbox_ticks=3624752 mailbox_calls=169101 fence_ticks=2164354 fence_calls=169101 event_ticks=1657388 event_calls=169101
MiniGLPPC host: executes=15138 presents=978 eclock_hz=709379
MiniGLPPC host: stage_ticks wait=0 clear=0 crc=0 query=0 submit=0 presentwait=808887 present=904582 total=0 inclusive=1 mutually_exclusive=0 total_scope=execute_slot_only
MiniGLPPC host: stopped
